complete_records=31646 torn=True
distinct_artifact_paths=31030
1000/31030 files 3.16GB 0.4min 142.4MB/s
2000/31030 files 5.36GB 0.7min 120.5MB/s
3000/31030 files 8.86GB 3.4min 43.2MB/s
4000/31030 files 11.51GB 5.6min 34.3MB/s
5000/31030 files 13.40GB 6.5min 34.2MB/s
6000/31030 files 18.04GB 14.0min 21.5MB/s
7000/31030 files 20.58GB 14.0min 24.5MB/s
8000/31030 files 23.08GB 14.0min 27.5MB/s
9000/31030 files 25.26GB 16.4min 25.7MB/s
10000/31030 files 26.93GB 17.0min 26.5MB/s
11000/31030 files 29.27GB 19.1min 25.6MB/s
12000/31030 files 32.80GB 21.5min 25.4MB/s
13000/31030 files 35.95GB 23.4min 25.6MB/s
14000/31030 files 38.38GB 25.4min 25.2MB/s
15000/31030 files 39.59GB 26.1min 25.3MB/s
16000/31030 files 40.52GB 26.8min 25.2MB/s
17000/31030 files 41.78GB 27.5min 25.3MB/s
18000/31030 files 46.96GB 31.3min 25.0MB/s
19000/31030 files 47.82GB 31.7min 25.1MB/s
20000/31030 files 48.60GB 32.1min 25.2MB/s
21000/31030 files 49.36GB 32.7min 25.2MB/s
22000/31030 files 54.33GB 37.1min 24.4MB/s
23000/31030 files 57.34GB 38.9min 24.6MB/s
24000/31030 files 64.88GB 45.1min 24.0MB/s
25000/31030 files 66.20GB 45.1min 24.4MB/s
26000/31030 files 67.69GB 45.7min 24.7MB/s
27000/31030 files 74.47GB 50.9min 24.4MB/s
28000/31030 files 87.83GB 61.3min 23.9MB/s
29000/31030 files 90.75GB 62.6min 24.2MB/s
30000/31030 files 94.16GB 64.8min 24.2MB/s
31000/31030 files 94.29GB 64.8min 24.2MB/s
HASHING DONE 64.8min - comparing
PUBLISHED VERIFICATION DONE 64.8min
orphans_hashed=108
DONE total 65.0 min
checked=31646 matched=31646 mismatched=0 missing_files=0
